---------------------------------------------------------------
     xeBuild v1.21.810
---------------------------------------------------------------
base path changed to C:\Users\Exposure\Downloads\J-Runner-with-Extras\xeBuild
---- { Extract Mode } ----
***** NOTE: Most errors/warnings will be due to the fact extract mode does not process 1BL and CPU keys! *****


------ Checking .\updflash.bin ------
.\updflash.bin file size: 0x1080000
nanddump header checks passed OK!
Loading NAND dump (0x1080000 bytes)...done!
Detecting NAND controller type from dump data...
	NAND dump is from a small block machine
	NAND dump uses big block controller
parsing dump into user and spare...
done!
decrypting KeyVault at address 0x4000 of size 0x4000
keyvault decrypt failed, discarding
decrypting SMC at address 0x1000 of size 0x3000
SMC decrypted OK, will use if no external smc.bin is provided
seeking smc config in dump...found at offset 0xf7c000! Using if no smc config is provided.
***** WARNING: CB decrypt failed! Unable to get pairing data!
***** WARNING: could not find a non-zero CF LDV to use, setting it to 1 but that may be incorrect!
Scanning for mobile data and fsroot...Mobiles found:
    fsroot      version 01 found at offset 0x00e08000 len 0x4000 page 0x00007040
seeking security files...
crl.bin found in sector 0x37c size 0xa00...verify failed! Discarding data.
dae.bin found in sector 0x37d size 0xad30...
******* ERROR: dae hash incorrect, could not decrypt!
verify failed! Discarding data.
extended.bin found in sector 0x380 size 0x4000...verify failed! Discarding data.
secdata.bin found in sector 0x381 size 0x400...verify failed! Discarding data.
done!
Dump load success!

---------------------------------------------------------------
flash fs file list:
---------------------------------------------------------------
sector: 0x0034 offset: 0x000d0000 size: 0x00059e30 timestamp: 0x5c8c700e name: sysupdate.xexp1
sector: 0x004b offset: 0x0012c000 size: 0x00004800 timestamp: 0x5c8c700e name: aac.xexp1
sector: 0x004d offset: 0x00134000 size: 0x00055000 timestamp: 0x5c8c700e name: bootanim.xex
sector: 0x0063 offset: 0x0018c000 size: 0x0000c000 timestamp: 0x5c8c700e name: createprofile.xex
sector: 0x0066 offset: 0x00198000 size: 0x005e7000 timestamp: 0x5c8c700e name: dash.xex
sector: 0x01e0 offset: 0x00780000 size: 0x00009000 timestamp: 0x5c8c700e name: deviceselector.xex
sector: 0x01e3 offset: 0x0078c000 size: 0x0001a000 timestamp: 0x5c8c700e name: gamerprofile.xex
sector: 0x01ea offset: 0x007a8000 size: 0x0001f000 timestamp: 0x5c8c700e name: hud.xex
sector: 0x01f2 offset: 0x007c8000 size: 0x00011000 timestamp: 0x5c8c700e name: huduiskin.xex
sector: 0x01f7 offset: 0x007dc000 size: 0x00008000 timestamp: 0x5c8c700e name: mfgbootlauncher.xex
sector: 0x01f9 offset: 0x007e4000 size: 0x0000c000 timestamp: 0x5c8c700e name: minimediaplayer.xex
sector: 0x01fc offset: 0x007f0000 size: 0x0000d000 timestamp: 0x5c8c700e name: nomni.xexp1
sector: 0x0200 offset: 0x00800000 size: 0x00002000 timestamp: 0x5c8c700e name: nomnifwk.xexp1
sector: 0x0201 offset: 0x00804000 size: 0x00005000 timestamp: 0x5c8c700e name: nomnifwm.xexp1
sector: 0x0203 offset: 0x0080c000 size: 0x00012000 timestamp: 0x5c8c700e name: signin.xex
sector: 0x0208 offset: 0x00820000 size: 0x00008000 timestamp: 0x5c8c700e name: updater.xex
sector: 0x020a offset: 0x00828000 size: 0x00009000 timestamp: 0x5c8c700e name: vk.xex
sector: 0x020d offset: 0x00834000 size: 0x00218000 timestamp: 0x5c8c700e name: xam.xex
sector: 0x0293 offset: 0x00a4c000 size: 0x0011b000 timestamp: 0x5c8c700e name: xenonclatin.xtt
sector: 0x02da offset: 0x00b68000 size: 0x00018000 timestamp: 0x5c8c700e name: xenonclatin.xttp1
sector: 0x02e0 offset: 0x00b80000 size: 0x001a8000 timestamp: 0x5c8c700e name: xenonjklatin.xtt
sector: 0x034a offset: 0x00d28000 size: 0x00007000 timestamp: 0x5c8c700e name: xenonjklatin.xttp1
sector: 0x034c offset: 0x00d30000 size: 0x00015000 timestamp: 0x5c8c700e name: ximecore.xex
sector: 0x0352 offset: 0x00d48000 size: 0x00090000 timestamp: 0x5c8c700e name: ximedic.xex
sector: 0x0376 offset: 0x00dd8000 size: 0x00002800 timestamp: 0x5c8c700e name: ximedic.xexp1
sector: 0x0377 offset: 0x00ddc000 size: 0x0000b800 timestamp: 0x5c8c700e name: launch.xex
sector: 0x037a offset: 0x00de8000 size: 0x00004800 timestamp: 0x5c8c700e name: lhelper.xex
sector: 0x037c offset: 0x00df0000 size: 0x00000a00 timestamp: 0x5c8c700e name: crl.bin
sector: 0x037d offset: 0x00df4000 size: 0x0000ad30 timestamp: 0x5c8c700e name: dae.bin
sector: 0x0380 offset: 0x00e00000 size: 0x00004000 timestamp: 0x5c8c700e name: extended.bin
sector: 0x0381 offset: 0x00e04000 size: 0x00000400 timestamp: 0x5c8c700e name: secdata.bin
---------------------------------------------------------------
checking boot image (update mode test):
---------------------------------------------------------------
CB v6750 at 0x8000 size 0x9a40 (CB)
CD v8453 at 0x11a40 size 0x5b00 (CD)
CE v1888 at 0x17540 size 0x5606a (CE)
final truncated bootloader size 0x6d5b0
---------------------------------------------------------------
    xeBuild Finished. Have a nice day.
---------------------------------------------------------------
