---------------------------------------------------------------
     xeBuild v1.21.810
---------------------------------------------------------------
base path changed to C:\Users\Exposure\Downloads\J-Runner-with-Extras\xeBuild
---- { Extract Mode } ----
***** NOTE: Most errors/warnings will be due to the fact extract mode does not process 1BL and CPU keys! *****


------ Checking .\updflash.bin ------
.\updflash.bin file size: 0x1080000
nanddump header checks passed OK!
Loading NAND dump (0x1080000 bytes)...done!
Detecting NAND controller type from dump data...
	NAND dump is from a small block machine
	NAND dump uses big block controller
parsing dump into user and spare...
done!
decrypting KeyVault at address 0x4000 of size 0x4000
keyvault decrypt failed, discarding
decrypting SMC at address 0x1000 of size 0x3000
SMC decrypted OK, will use if no external smc.bin is provided
seeking smc config in dump...found at offset 0xf7c000! Using if no smc config is provided.
***** WARNING: CB decrypt failed! Unable to get pairing data!
***** WARNING: could not find a non-zero CF LDV to use, setting it to 1 but that may be incorrect!
Scanning for mobile data and fsroot...Mobiles found:
    fsroot      version 01 found at offset 0x00df4000 len 0x4000 page 0x00006fa0
seeking security files...
crl.bin found in sector 0x376 size 0xa00...verify failed! Discarding data.
dae.bin found in sector 0x377 size 0xad30...
******* ERROR: dae hash incorrect, could not decrypt!
verify failed! Discarding data.
extended.bin found in sector 0x37a size 0x4000...verify failed! Discarding data.
fcrt.bin found in sector 0x37b size 0x4000...pub key to verify signature is not available, skipping!

******* ERROR: FCRT hash check failed, could not decrypt!
verify failed! Discarding data.
secdata.bin found in sector 0x37c size 0x400...verify failed! Discarding data.
done!
Dump load success!

---------------------------------------------------------------
flash fs file list:
---------------------------------------------------------------
sector: 0x0024 offset: 0x00090000 size: 0x0006bfe0 timestamp: 0x5b66b22d name: sysupdate.xexp1
sector: 0x003f offset: 0x000fc000 size: 0x00014000 timestamp: 0x5b66b22d name: aac.xexp1
sector: 0x0044 offset: 0x00110000 size: 0x00061000 timestamp: 0x5b66b22d name: bootanim.xex
sector: 0x005d offset: 0x00174000 size: 0x0000c000 timestamp: 0x5b66b22d name: createprofile.xex
sector: 0x0060 offset: 0x00180000 size: 0x005b2000 timestamp: 0x5b66b22d name: dash.xex
sector: 0x01cd offset: 0x00734000 size: 0x0000a000 timestamp: 0x5b66b22d name: deviceselector.xex
sector: 0x01d0 offset: 0x00740000 size: 0x0001b000 timestamp: 0x5b66b22d name: gamerprofile.xex
sector: 0x01d7 offset: 0x0075c000 size: 0x0001d000 timestamp: 0x5b66b22d name: hud.xex
sector: 0x01df offset: 0x0077c000 size: 0x00014000 timestamp: 0x5b66b22d name: huduiskin.xex
sector: 0x01e4 offset: 0x00790000 size: 0x00008000 timestamp: 0x5b66b22d name: mfgbootlauncher.xex
sector: 0x01e6 offset: 0x00798000 size: 0x0000c000 timestamp: 0x5b66b22d name: minimediaplayer.xex
sector: 0x01e9 offset: 0x007a4000 size: 0x0000f000 timestamp: 0x5b66b22d name: nomni.xexp1
sector: 0x01ed offset: 0x007b4000 size: 0x00002000 timestamp: 0x5b66b22d name: nomnifwk.xexp1
sector: 0x01ee offset: 0x007b8000 size: 0x00005000 timestamp: 0x5b66b22d name: nomnifwm.xexp1
sector: 0x01f0 offset: 0x007c0000 size: 0x00006000 timestamp: 0x5b66b22d name: SegoeXbox-Light.xtt
sector: 0x01f2 offset: 0x007c8000 size: 0x0001a000 timestamp: 0x5b66b22d name: signin.xex
sector: 0x01f9 offset: 0x007e4000 size: 0x00007000 timestamp: 0x5b66b22d name: updater.xex
sector: 0x01fb offset: 0x007ec000 size: 0x0000b000 timestamp: 0x5b66b22d name: vk.xex
sector: 0x01fe offset: 0x007f8000 size: 0x00250000 timestamp: 0x5b66b22d name: xam.xex
sector: 0x0292 offset: 0x00a48000 size: 0x0011b000 timestamp: 0x5b66b22d name: xenonclatin.xtt
sector: 0x02d9 offset: 0x00b64000 size: 0x00018000 timestamp: 0x5b66b22d name: xenonclatin.xttp1
sector: 0x02df offset: 0x00b7c000 size: 0x001a8000 timestamp: 0x5b66b22d name: xenonjklatin.xtt
sector: 0x0349 offset: 0x00d24000 size: 0x00007000 timestamp: 0x5b66b22d name: xenonjklatin.xttp1
sector: 0x034b offset: 0x00d2c000 size: 0x00017000 timestamp: 0x5b66b22d name: ximecore.xex
sector: 0x0351 offset: 0x00d44000 size: 0x00090000 timestamp: 0x5b66b22d name: ximedic.xex
sector: 0x0375 offset: 0x00dd4000 size: 0x00002800 timestamp: 0x5b66b22d name: ximedic.xexp1
sector: 0x0376 offset: 0x00dd8000 size: 0x00000a00 timestamp: 0x5b66b22d name: crl.bin
sector: 0x0377 offset: 0x00ddc000 size: 0x0000ad30 timestamp: 0x5b66b22d name: dae.bin
sector: 0x037a offset: 0x00de8000 size: 0x00004000 timestamp: 0x5b66b22d name: extended.bin
sector: 0x037b offset: 0x00dec000 size: 0x00004000 timestamp: 0x5b66b22d name: fcrt.bin
sector: 0x037c offset: 0x00df0000 size: 0x00000400 timestamp: 0x5b66b22d name: secdata.bin
---------------------------------------------------------------
checking boot image (update mode test):
---------------------------------------------------------------
CB v9231 at 0x8000 size 0x2000 (CB)
CB v9231 at 0xa000 size 0x7a30 (dual CB)
CD v9231 at 0x11a30 size 0x5080 (CD)
CE v1888 at 0x16ab0 size 0x5606a (CE)
final truncated bootloader size 0x6cb20
---------------------------------------------------------------
    xeBuild Finished. Have a nice day.
---------------------------------------------------------------
